ID;Nom;Prénom;Email
1;Dupont;Jean;jean.dupont@example.com
2;Martin;Sophie;sophie.martin@example.com
3;Durand;Pierre;pierre.durand@example.com
